
<!DOCTYPE html>
<html style="height: 100%;">
  <head>
  </head>
  <body style="display: flex; flex-flow: column nowrap; justify-content: center; align-items: center; height: 100%;">
    <h2>
      Component Registration - when rendering into snapshots with server-state "down" - delivers expected result  (->check snapshot)
    </h2>
    <!--[ Content from unit test: ]-->
    <div class="MuiGrid-root MuiGrid-item">
      <p class="MuiTypography-root MuiTypography-body1">
        Register form is temporary disabled because of missing connection to the database server
      </p>
    </div>
    <!--[ End of included content ]-->
    <br>
    <br>
    &lt;Registration serverState="down" /&gt;
  </body>
</html>
