
<!DOCTYPE html>
<html style="height: 100%;">
  <head>
  </head>
  <body style="display: flex; flex-flow: column nowrap; justify-content: center; align-items: center; height: 100%;">
    <h2>
      Component RegistrationItemResponse - when rendering into snapshots with valid properties - delivers expected result  (-> check snapshot)
    </h2>
    <!--[ Content from unit test: ]-->
    <div class="MuiSnackbar-root MuiSnackbar-anchorOriginBottomLeft">
      <div class="MuiTypography-root MuiPaper-root MuiPaper-elevation6 MuiSnackbarContent-root makeStyles-error-2 MuiTypography-body2"
           role="alert"
           aria-describedby="response-snackbar"
           style="opacity:0;transform:scale(0.75, 0.5625)"
           direction="up"
      >
        <div class="MuiSnackbarContent-message">
          <span id="response-snackbar"
                class="makeStyles-message-5"
          >
            <svg class="MuiSvgIcon-root makeStyles-iconVariant-4"
                 focusable="false"
                 viewbox="0 0 24 24"
                 aria-hidden="true"
                 role="presentation"
            >
              <path d="M12 2C6.48 2 2 6.48 2 12s4.48 10 10 10 10-4.48 10-10S17.52 2 12 2zm1 15h-2v-2h2v2zm0-4h-2V7h2v6z">
              </path>
            </svg>
            Test submit failed
          </span>
        </div>
        <div class="MuiSnackbarContent-action">
          <button class="MuiButtonBase-root MuiIconButton-root MuiIconButton-colorInherit"
                  tabindex="0"
                  type="button"
                  aria-label="close"
          >
            <span class="MuiIconButton-label">
              <svg class="MuiSvgIcon-root makeStyles-icon-3"
                   focusable="false"
                   viewbox="0 0 24 24"
                   aria-hidden="true"
                   role="presentation"
              >
                <path d="M19 6.41L17.59 5 12 10.59 6.41 5 5 6.41 10.59 12 5 17.59 6.41 19 12 13.41 17.59 19 19 17.59 13.41 12z">
                </path>
              </svg>
            </span>
          </button>
        </div>
      </div>
    </div>
    <!--[ End of included content ]-->
    <br>
    <br>
    &lt;RegistrationItemName formikBag={exampleFormikBag} /&gt;
  </body>
</html>
