
<!DOCTYPE html>
<html style="height: 100%;">
  <head>
  </head>
  <body style="display: flex; flex-flow: column nowrap; justify-content: center; align-items: center; height: 100%;">
    <h2>
      Component RegistrationItemAttending - when rendering into snapshots with valid properties - delivers expected result  (-> check snapshot)
    </h2>
    <!--[ Content from unit test: ]-->
    <div class="MuiGrid-root MuiGrid-container MuiGrid-item MuiGrid-direction-xs-column MuiGrid-justify-xs-center">
      <div class="MuiGrid-root MuiGrid-item MuiGrid-grid-xs-12">
        <legend class="MuiFormLabel-root">
          Are you attending the conference?
        </legend>
      </div>
      <div class="MuiGrid-root MuiGrid-item MuiGrid-grid-xs-12">
        <div class="MuiFormGroup-root MuiFormGroup-row"
             role="radiogroup"
             aria-label="choose one"
        >
          <label class="MuiFormControlLabel-root MuiFormControlLabel-labelPlacementBottom">
            <span class="MuiButtonBase-root MuiIconButton-root PrivateSwitchBase-root-305 MuiRadio-root MuiRadio-colorPrimary PrivateSwitchBase-checked-306 Mui-checked MuiIconButton-colorPrimary"
                  aria-disabled="false"
            >
              <span class="MuiIconButton-label">
                <input type="radio"
                       checked
                       class="PrivateSwitchBase-input-308"
                       name="attending"
                       value="yes"
                >
                <div class="PrivateRadioButtonIcon-root-321 PrivateRadioButtonIcon-checked-323">
                  <svg class="MuiSvgIcon-root"
                       focusable="false"
                       viewbox="0 0 24 24"
                       aria-hidden="true"
                       role="presentation"
                  >
                    <path d="M12 2C6.48 2 2 6.48 2 12s4.48 10 10 10 10-4.48 10-10S17.52 2 12 2zm0 18c-4.42 0-8-3.58-8-8s3.58-8 8-8 8 3.58 8 8-3.58 8-8 8z">
                    </path>
                  </svg>
                  <svg class="MuiSvgIcon-root PrivateRadioButtonIcon-layer-322"
                       focusable="false"
                       viewbox="0 0 24 24"
                       aria-hidden="true"
                       role="presentation"
                  >
                    <path d="M8.465 8.465C9.37 7.56 10.62 7 12 7C14.76 7 17 9.24 17 12C17 13.38 16.44 14.63 15.535 15.535C14.63 16.44 13.38 17 12 17C9.24 17 7 14.76 7 12C7 10.62 7.56 9.37 8.465 8.465Z">
                    </path>
                  </svg>
                </div>
              </span>
            </span>
            <span class="MuiTypography-root MuiFormControlLabel-label MuiTypography-body1">
              Yes
            </span>
          </label>
          <label class="MuiFormControlLabel-root MuiFormControlLabel-labelPlacementBottom">
            <span class="MuiButtonBase-root MuiIconButton-root PrivateSwitchBase-root-305 MuiRadio-root MuiRadio-colorPrimary MuiIconButton-colorPrimary"
                  aria-disabled="false"
            >
              <span class="MuiIconButton-label">
                <input type="radio"
                       class="PrivateSwitchBase-input-308"
                       name="attending"
                       value="no"
                >
                <div class="PrivateRadioButtonIcon-root-321">
                  <svg class="MuiSvgIcon-root"
                       focusable="false"
                       viewbox="0 0 24 24"
                       aria-hidden="true"
                       role="presentation"
                  >
                    <path d="M12 2C6.48 2 2 6.48 2 12s4.48 10 10 10 10-4.48 10-10S17.52 2 12 2zm0 18c-4.42 0-8-3.58-8-8s3.58-8 8-8 8 3.58 8 8-3.58 8-8 8z">
                    </path>
                  </svg>
                  <svg class="MuiSvgIcon-root PrivateRadioButtonIcon-layer-322"
                       focusable="false"
                       viewbox="0 0 24 24"
                       aria-hidden="true"
                       role="presentation"
                  >
                    <path d="M8.465 8.465C9.37 7.56 10.62 7 12 7C14.76 7 17 9.24 17 12C17 13.38 16.44 14.63 15.535 15.535C14.63 16.44 13.38 17 12 17C9.24 17 7 14.76 7 12C7 10.62 7.56 9.37 8.465 8.465Z">
                    </path>
                  </svg>
                </div>
              </span>
            </span>
            <span class="MuiTypography-root MuiFormControlLabel-label MuiTypography-body1">
              No
            </span>
          </label>
          <label class="MuiFormControlLabel-root MuiFormControlLabel-labelPlacementBottom">
            <span class="MuiButtonBase-root MuiIconButton-root PrivateSwitchBase-root-305 MuiRadio-root MuiRadio-colorPrimary MuiIconButton-colorPrimary"
                  aria-disabled="false"
            >
              <span class="MuiIconButton-label">
                <input type="radio"
                       class="PrivateSwitchBase-input-308"
                       name="attending"
                       value="maybe"
                >
                <div class="PrivateRadioButtonIcon-root-321">
                  <svg class="MuiSvgIcon-root"
                       focusable="false"
                       viewbox="0 0 24 24"
                       aria-hidden="true"
                       role="presentation"
                  >
                    <path d="M12 2C6.48 2 2 6.48 2 12s4.48 10 10 10 10-4.48 10-10S17.52 2 12 2zm0 18c-4.42 0-8-3.58-8-8s3.58-8 8-8 8 3.58 8 8-3.58 8-8 8z">
                    </path>
                  </svg>
                  <svg class="MuiSvgIcon-root PrivateRadioButtonIcon-layer-322"
                       focusable="false"
                       viewbox="0 0 24 24"
                       aria-hidden="true"
                       role="presentation"
                  >
                    <path d="M8.465 8.465C9.37 7.56 10.62 7 12 7C14.76 7 17 9.24 17 12C17 13.38 16.44 14.63 15.535 15.535C14.63 16.44 13.38 17 12 17C9.24 17 7 14.76 7 12C7 10.62 7.56 9.37 8.465 8.465Z">
                    </path>
                  </svg>
                </div>
              </span>
            </span>
            <span class="MuiTypography-root MuiFormControlLabel-label MuiTypography-body1">
              Maybe
            </span>
          </label>
        </div>
      </div>
    </div>
    <!--[ End of included content ]-->
    <br>
    <br>
    &lt;RegistrationItemAttending formikBag={exampleFormikBag} /&gt;
  </body>
</html>
