
<!DOCTYPE html>
<html style="height: 100%;">
  <head>
  </head>
  <body style="display: flex; flex-flow: column nowrap; justify-content: center; align-items: center; height: 100%;">
    <h2>
      Component RegistrationItemResponse - when rendering into snapshots with valid properties - delivers expected result  (-> check snapshot)
    </h2>
    <!--[ Content from unit test: ]-->
    null
    <!--[ End of included content ]-->
    <br>
    <br>
    &lt;RegistrationItemName formikBag={exampleFormikBag} /&gt;
  </body>
</html>
